Archive member included to satisfy reference by file (symbol)

E:/STM32CubeIDE_1.15.0/STM32CubeIDE/plugins/com.st.stm32cube.ide.mcu.externaltools.gnu-tools-for-stm32.12.3.rel1.win32_1.0.100.202403111256/tools/bin/../lib/gcc/arm-none-eabi/12.3.1/../../../../arm-none-eabi/lib/thumb/v7e-m+fp/hard\libc_nano.a(libc_a-exit.o)
                              E:/STM32CubeIDE_1.15.0/STM32CubeIDE/plugins/com.st.stm32cube.ide.mcu.externaltools.gnu-tools-for-stm32.12.3.rel1.win32_1.0.100.202403111256/tools/bin/../lib/gcc/arm-none-eabi/12.3.1/../../../../arm-none-eabi/lib/thumb/v7e-m+fp/hard/crt0.o (exit)
E:/STM32CubeIDE_1.15.0/STM32CubeIDE/plugins/com.st.stm32cube.ide.mcu.externaltools.gnu-tools-for-stm32.12.3.rel1.win32_1.0.100.202403111256/tools/bin/../lib/gcc/arm-none-eabi/12.3.1/../../../../arm-none-eabi/lib/thumb/v7e-m+fp/hard\libc_nano.a(libc_a-findfp.o)
                              E:/STM32CubeIDE_1.15.0/STM32CubeIDE/plugins/com.st.stm32cube.ide.mcu.externaltools.gnu-tools-for-stm32.12.3.rel1.win32_1.0.100.202403111256/tools/bin/../lib/gcc/arm-none-eabi/12.3.1/../../../../arm-none-eabi/lib/thumb/v7e-m+fp/hard\libc_nano.a(libc_a-exit.o) (__stdio_exit_handler)
E:/STM32CubeIDE_1.15.0/STM32CubeIDE/plugins/com.st.stm32cube.ide.mcu.externaltools.gnu-tools-for-stm32.12.3.rel1.win32_1.0.100.202403111256/tools/bin/../lib/gcc/arm-none-eabi/12.3.1/../../../../arm-none-eabi/lib/thumb/v7e-m+fp/hard\libc_nano.a(libc_a-fwalk.o)
                              E:/STM32CubeIDE_1.15.0/STM32CubeIDE/plugins/com.st.stm32cube.ide.mcu.externaltools.gnu-tools-for-stm32.12.3.rel1.win32_1.0.100.202403111256/tools/bin/../lib/gcc/arm-none-eabi/12.3.1/../../../../arm-none-eabi/lib/thumb/v7e-m+fp/hard\libc_nano.a(libc_a-findfp.o) (_fwalk_sglue)
E:/STM32CubeIDE_1.15.0/STM32CubeIDE/plugins/com.st.stm32cube.ide.mcu.externaltools.gnu-tools-for-stm32.12.3.rel1.win32_1.0.100.202403111256/tools/bin/../lib/gcc/arm-none-eabi/12.3.1/../../../../arm-none-eabi/lib/thumb/v7e-m+fp/hard\libc_nano.a(libc_a-stdio.o)
                              E:/STM32CubeIDE_1.15.0/STM32CubeIDE/plugins/com.st.stm32cube.ide.mcu.externaltools.gnu-tools-for-stm32.12.3.rel1.win32_1.0.100.202403111256/tools/bin/../lib/gcc/arm-none-eabi/12.3.1/../../../../arm-none-eabi/lib/thumb/v7e-m+fp/hard\libc_nano.a(libc_a-findfp.o) (__sread)
E:/STM32CubeIDE_1.15.0/STM32CubeIDE/plugins/com.st.stm32cube.ide.mcu.externaltools.gnu-tools-for-stm32.12.3.rel1.win32_1.0.100.202403111256/tools/bin/../lib/gcc/arm-none-eabi/12.3.1/../../../../arm-none-eabi/lib/thumb/v7e-m+fp/hard\libc_nano.a(libc_a-memset.o)
                              E:/STM32CubeIDE_1.15.0/STM32CubeIDE/plugins/com.st.stm32cube.ide.mcu.externaltools.gnu-tools-for-stm32.12.3.rel1.win32_1.0.100.202403111256/tools/bin/../lib/gcc/arm-none-eabi/12.3.1/../../../../arm-none-eabi/lib/thumb/v7e-m+fp/hard/crt0.o (memset)
E:/STM32CubeIDE_1.15.0/STM32CubeIDE/plugins/com.st.stm32cube.ide.mcu.externaltools.gnu-tools-for-stm32.12.3.rel1.win32_1.0.100.202403111256/tools/bin/../lib/gcc/arm-none-eabi/12.3.1/../../../../arm-none-eabi/lib/thumb/v7e-m+fp/hard\libc_nano.a(libc_a-closer.o)
                              E:/STM32CubeIDE_1.15.0/STM32CubeIDE/plugins/com.st.stm32cube.ide.mcu.externaltools.gnu-tools-for-stm32.12.3.rel1.win32_1.0.100.202403111256/tools/bin/../lib/gcc/arm-none-eabi/12.3.1/../../../../arm-none-eabi/lib/thumb/v7e-m+fp/hard\libc_nano.a(libc_a-stdio.o) (_close_r)
E:/STM32CubeIDE_1.15.0/STM32CubeIDE/plugins/com.st.stm32cube.ide.mcu.externaltools.gnu-tools-for-stm32.12.3.rel1.win32_1.0.100.202403111256/tools/bin/../lib/gcc/arm-none-eabi/12.3.1/../../../../arm-none-eabi/lib/thumb/v7e-m+fp/hard\libc_nano.a(libc_a-reent.o)
                              E:/STM32CubeIDE_1.15.0/STM32CubeIDE/plugins/com.st.stm32cube.ide.mcu.externaltools.gnu-tools-for-stm32.12.3.rel1.win32_1.0.100.202403111256/tools/bin/../lib/gcc/arm-none-eabi/12.3.1/../../../../arm-none-eabi/lib/thumb/v7e-m+fp/hard\libc_nano.a(libc_a-closer.o) (errno)
E:/STM32CubeIDE_1.15.0/STM32CubeIDE/plugins/com.st.stm32cube.ide.mcu.externaltools.gnu-tools-for-stm32.12.3.rel1.win32_1.0.100.202403111256/tools/bin/../lib/gcc/arm-none-eabi/12.3.1/../../../../arm-none-eabi/lib/thumb/v7e-m+fp/hard\libc_nano.a(libc_a-impure.o)
                              E:/STM32CubeIDE_1.15.0/STM32CubeIDE/plugins/com.st.stm32cube.ide.mcu.externaltools.gnu-tools-for-stm32.12.3.rel1.win32_1.0.100.202403111256/tools/bin/../lib/gcc/arm-none-eabi/12.3.1/../../../../arm-none-eabi/lib/thumb/v7e-m+fp/hard\libc_nano.a(libc_a-reent.o) (_impure_ptr)
E:/STM32CubeIDE_1.15.0/STM32CubeIDE/plugins/com.st.stm32cube.ide.mcu.externaltools.gnu-tools-for-stm32.12.3.rel1.win32_1.0.100.202403111256/tools/bin/../lib/gcc/arm-none-eabi/12.3.1/../../../../arm-none-eabi/lib/thumb/v7e-m+fp/hard\libc_nano.a(libc_a-lseekr.o)
[...]
Memory Configuration

Name             Origin             Length             Attributes
RAM              0x20000000         0x00010000         xrw
FLASH            0x08000000         0x00040000         xr
*default*        0x00000000         0xffffffff

Linker script and memory map

LOAD E:/STM32CubeIDE_1.15.0/STM32CubeIDE/plugins/com.st.stm32cube.ide.mcu.externaltools.gnu-tools-for-stm32.12.3.rel1.win32_1.0.100.202403111256/tools/bin/../lib/gcc/arm-none-eabi/12.3.1/thumb/v7e-m+fp/hard/crti.o
LOAD E:/STM32CubeIDE_1.15.0/STM32CubeIDE/plugins/com.st.stm32cube.ide.mcu.externaltools.gnu-tools-for-stm32.12.3.rel1.win32_1.0.100.202403111256/tools/bin/../lib/gcc/arm-none-eabi/12.3.1/thumb/v7e-m+fp/hard/crtbegin.o
LOAD E:/STM32CubeIDE_1.15.0/STM32CubeIDE/plugins/com.st.stm32cube.ide.mcu.externaltools.gnu-tools-for-stm32.12.3.rel1.win32_1.0.100.202403111256/tools/bin/../lib/gcc/arm-none-eabi/12.3.1/../../../../arm-none-eabi/lib/thumb/v7e-m+fp/hard/crt0.o
LOAD ./Src/adc.o
LOAD ./Src/main.o
LOAD ./Src/syscalls.o
LOAD ./Src/sysmem.o
LOAD ./Src/systick.o
LOAD ./Src/tim.o
LOAD ./Src/uart.o
LOAD ./Startup/startup_stm32f401ccux.o
START GROUP
LOAD E:/STM32CubeIDE_1.15.0/STM32CubeIDE/plugins/com.st.stm32cube.ide.mcu.externaltools.gnu-tools-for-stm32.12.3.rel1.win32_1.0.100.202403111256/tools/bin/../lib/gcc/arm-none-eabi/12.3.1/../../../../arm-none-eabi/lib/thumb/v7e-m+fp/hard\libc_nano.a
LOAD E:/STM32CubeIDE_1.15.0/STM32CubeIDE/plugins/com.st.stm32cube.ide.mcu.externaltools.gnu-tools-for-stm32.12.3.rel1.win32_1.0.100.202403111256/tools/bin/../lib/gcc/arm-none-eabi/12.3.1/../../../../arm-none-eabi/lib/thumb/v7e-m+fp/hard\libm.a
END GROUP
START GROUP
LOAD E:/STM32CubeIDE_1.15.0/STM32CubeIDE/plugins/com.st.stm32cube.ide.mcu.externaltools.gnu-tools-for-stm32.12.3.rel1.win32_1.0.100.202403111256/tools/bin/../lib/gcc/arm-none-eabi/12.3.1/thumb/v7e-m+fp/hard\libgcc.a
LOAD E:/STM32CubeIDE_1.15.0/STM32CubeIDE/plugins/com.st.stm32cube.ide.mcu.externaltools.gnu-tools-for-stm32.12.3.rel1.win32_1.0.100.202403111256/tools/bin/../lib/gcc/arm-none-eabi/12.3.1/../../../../arm-none-eabi/lib/thumb/v7e-m+fp/hard\libc_nano.a
END GROUP
START GROUP
LOAD E:/STM32CubeIDE_1.15.0/STM32CubeIDE/plugins/com.st.stm32cube.ide.mcu.externaltools.gnu-tools-for-stm32.12.3.rel1.win32_1.0.100.202403111256/tools/bin/../lib/gcc/arm-none-eabi/12.3.1/thumb/v7e-m+fp/hard\libgcc.a
LOAD E:/STM32CubeIDE_1.15.0/STM32CubeIDE/plugins/com.st.stm32cube.ide.mcu.externaltools.gnu-tools-for-stm32.12.3.rel1.win32_1.0.100.202403111256/tools/bin/../lib/gcc/arm-none-eabi/12.3.1/../../../../arm-none-eabi/lib/thumb/v7e-m+fp/hard\libc_nano.a
LOAD E:/STM32CubeIDE_1.15.0/STM32CubeIDE/plugins/com.st.stm32cube.ide.mcu.externaltools.gnu-tools-for-stm32.12.3.rel1.win32_1.0.100.202403111256/tools/bin/../lib/gcc/arm-none-eabi/12.3.1/../../../../arm-none-eabi/lib/thumb/v7e-m+fp/hard\libnosys.a
END GROUP
START GROUP
LOAD E:/STM32CubeIDE_1.15.0/STM32CubeIDE/plugins/com.st.stm32cube.ide.mcu.externaltools.gnu-tools-for-stm32.12.3.rel1.win32_1.0.100.202403111256/tools/bin/../lib/gcc/arm-none-eabi/12.3.1/thumb/v7e-m+fp/hard\libgcc.a
LOAD E:/STM32CubeIDE_1.15.0/STM32CubeIDE/plugins/com.st.stm32cube.ide.mcu.externaltools.gnu-tools-for-stm32.12.3.rel1.win32_1.0.100.202403111256/tools/bin/../lib/gcc/arm-none-eabi/12.3.1/../../../../arm-none-eabi/lib/thumb/v7e-m+fp/hard\libc_nano.a
LOAD E:/STM32CubeIDE_1.15.0/STM32CubeIDE/plugins/com.st.stm32cube.ide.mcu.externaltools.gnu-tools-for-stm32.12.3.rel1.win32_1.0.100.202403111256/tools/bin/../lib/gcc/arm-none-eabi/12.3.1/../../../../arm-none-eabi/lib/thumb/v7e-m+fp/hard\libnosys.a
END GROUP
LOAD E:/STM32CubeIDE_1.15.0/STM32CubeIDE/plugins/com.st.stm32cube.ide.mcu.externaltools.gnu-tools-for-stm32.12.3.rel1.win32_1.0.100.202403111256/tools/bin/../lib/gcc/arm-none-eabi/12.3.1/thumb/v7e-m+fp/hard/crtend.o
LOAD E:/STM32CubeIDE_1.15.0/STM32CubeIDE/plugins/com.st.stm32cube.ide.mcu.externaltools.gnu-tools-for-stm32.12.3.rel1.win32_1.0.100.202403111256/tools/bin/../lib/gcc/arm-none-eabi/12.3.1/thumb/v7e-m+fp/hard/crtn.o
                0x20010000                        _estack = (ORIGIN (RAM) + LENGTH (RAM))
                0x00000200                        _Min_Heap_Size = 0x200
                0x00000400                        _Min_Stack_Size = 0x400

.isr_vector     0x08000000      0x194
                0x08000000                        . = ALIGN (0x4)
 *(.isr_vector)
 .isr_vector    0x08000000      0x194 ./Startup/startup_stm32f401ccux.o
                0x08000000                g_pfnVectors
                0x08000194                        . = ALIGN (0x4)

.text           0x08000194      0x378
                0x08000194                        . = ALIGN (0x4)
 *(.text)
 .text          0x08000194       0x40 E:/STM32CubeIDE_1.15.0/STM32CubeIDE/plugins/com.st.stm32cube.ide.mcu.externaltools.gnu-tools-for-stm32.12.3.rel1.win32_1.0.100.202403111256/tools/bin/../lib/gcc/arm-none-eabi/12.3.1/thumb/v7e-m+fp/hard/crtbegin.o
 *(.text*)
 .text.main     0x080001d4       0x2c ./Src/main.o
                0x080001d4                main
 .text.tim2_pa5_pwm
                0x08000200      0x104 ./Src/tim.o
                0x08000200                tim2_pa5_pwm
 .text.uart1_rxtx_init
                0x08000304       0xe0 ./Src/uart.o
                0x08000304                uart1_rxtx_init
 .text.uart1_read
                0x080003e4       0x28 ./Src/uart.o
                0x080003e4                uart1_read
 .text.uart_set_baudrate
                0x0800040c       0x24 ./Src/uart.o
 .text.compute_uart_bd
                0x08000430       0x26 ./Src/uart.o
 *fill*         0x08000456        0x2 
 .text.Reset_Handler
                0x08000458       0x50 ./Startup/startup_stm32f401ccux.o
                0x08000458                Reset_Handler
 .text.Default_Handler
                0x080004a8        0x2 ./Startup/startup_stm32f401ccux.o
                0x080004a8                EXTI2_IRQHandler
                0x080004a8                DebugMon_Handler
                0x080004a8                SPI4_IRQHandler
                0x080004a8                TIM1_CC_IRQHandler
                0x080004a8                DMA2_Stream5_IRQHandler
                0x080004a8                HardFault_Handler
                0x080004a8                DMA1_Stream5_IRQHandler
                0x080004a8                SysTick_Handler
                0x080004a8                SDIO_IRQHandler
                0x080004a8                TAMP_STAMP_IRQHandler
                0x080004a8                PendSV_Handler
                0x080004a8                NMI_Handler
                0x080004a8                EXTI3_IRQHandler
                0x080004a8                TIM1_UP_TIM10_IRQHandler
                0x080004a8                I2C3_ER_IRQHandler
                0x080004a8                EXTI18_OTG_FS_WKUP_IRQHandler
                0x080004a8                EXTI0_IRQHandler
                0x080004a8                I2C2_EV_IRQHandler
                0x080004a8                DMA1_Stream2_IRQHandler
                0x080004a8                UsageFault_Handler
                0x080004a8                DMA2_Stream2_IRQHandler
                0x080004a8                SPI1_IRQHandler
                0x080004a8                TIM1_BRK_TIM9_IRQHandler
                0x080004a8                DMA2_Stream3_IRQHandler
                0x080004a8                USART6_IRQHandler
                0x080004a8                DMA2_Stream0_IRQHandler
                0x080004a8                TIM4_IRQHandler
                0x080004a8                I2C1_EV_IRQHandler
                0x080004a8                DMA1_Stream6_IRQHandler
                0x080004a8                DMA1_Stream1_IRQHandler
                0x080004a8                TIM3_IRQHandler
                0x080004a8                RCC_IRQHandler
                0x080004a8                Default_Handler
                0x080004a8                EXTI15_10_IRQHandler
                0x080004a8                ADC_IRQHandler
                0x080004a8                DMA1_Stream7_IRQHandler
                0x080004a8                TIM5_IRQHandler
                0x080004a8                DMA2_Stream7_IRQHandler
                0x080004a8                I2C3_EV_IRQHandler
                0x080004a8                EXTI9_5_IRQHandler
                0x080004a8                SPI2_IRQHandler
                0x080004a8                MemManage_Handler
                0x080004a8                DMA1_Stream0_IRQHandler
                0x080004a8                SVC_Handler
                0x080004a8                EXTI4_IRQHandler
                0x080004a8                EXTI22_RTC_WKUP_IRQHandler
                0x080004a8                TIM2_IRQHandler
                0x080004a8                EXTI16_PVD_IRQHandler
                0x080004a8                TIM1_TRG_COM_TIM11_IRQHandler
                0x080004a8                EXTI1_IRQHandler
                0x080004a8                EXTI17_RTC_Alarm_IRQHandler
                0x080004a8                USART2_IRQHandler
                0x080004a8                I2C2_ER_IRQHandler
                0x080004a8                DMA2_Stream1_IRQHandler
                0x080004a8                FLASH_IRQHandler
                0x080004a8                DMA2_Stream4_IRQHandler
                0x080004a8                BusFault_Handler
                0x080004a8                USART1_IRQHandler
                0x080004a8                OTG_FS_IRQHandler
                0x080004a8                SPI3_IRQHandler
                0x080004a8                DMA1_Stream4_IRQHandler
                0x080004a8                I2C1_ER_IRQHandler
                0x080004a8                DMA2_Stream6_IRQHandler
                0x080004a8                DMA1_Stream3_IRQHandler
 *fill*         0x080004aa        0x2 
 .text.__libc_init_array
                0x080004ac       0x48 E:/STM32CubeIDE_1.15.0/STM32CubeIDE/plugins/com.st.stm32cube.ide.mcu.externaltools.gnu-tools-for-stm32.12.3.rel1.win32_1.0.100.202403111256/tools/bin/../lib/gcc/arm-none-eabi/12.3.1/../../../../arm-none-eabi/lib/thumb/v7e-m+fp/hard\libc_nano.a(libc_a-init.o)
                0x080004ac                __libc_init_array
 *(.glue_7)
 .glue_7        0x080004f4        0x0 linker stubs
 *(.glue_7t)
 .glue_7t       0x080004f4        0x0 linker stubs
 *(.eh_frame)
 .eh_frame      0x080004f4        0x0 E:/STM32CubeIDE_1.15.0/STM32CubeIDE/plugins/com.st.stm32cube.ide.mcu.externaltools.gnu-tools-for-stm32.12.3.rel1.win32_1.0.100.202403111256/tools/bin/../lib/gcc/arm-none-eabi/12.3.1/thumb/v7e-m+fp/hard/crtbegin.o
 *(.init)
 .init          0x080004f4        0x4 E:/STM32CubeIDE_1.15.0/STM32CubeIDE/plugins/com.st.stm32cube.ide.mcu.externaltools.gnu-tools-for-stm32.12.3.rel1.win32_1.0.100.202403111256/tools/bin/../lib/gcc/arm-none-eabi/12.3.1/thumb/v7e-m+fp/hard/crti.o
                0x080004f4                _init
 .init          0x080004f8        0x8 E:/STM32CubeIDE_1.15.0/STM32CubeIDE/plugins/com.st.stm32cube.ide.mcu.externaltools.gnu-tools-for-stm32.12.3.rel1.win32_1.0.100.202403111256/tools/bin/../lib/gcc/arm-none-eabi/12.3.1/thumb/v7e-m+fp/hard/crtn.o
 *(.fini)
 .fini          0x08000500        0x4 E:/STM32CubeIDE_1.15.0/STM32CubeIDE/plugins/com.st.stm32cube.ide.mcu.externaltools.gnu-tools-for-stm32.12.3.rel1.win32_1.0.100.202403111256/tools/bin/../lib/gcc/arm-none-eabi/12.3.1/thumb/v7e-m+fp/hard/crti.o
                0x08000500                _fini
 .fini          0x08000504        0x8 E:/STM32CubeIDE_1.15.0/STM32CubeIDE/plugins/com.st.stm32cube.ide.mcu.externaltools.gnu-tools-for-stm32.12.3.rel1.win32_1.0.100.202403111256/tools/bin/../lib/gcc/arm-none-eabi/12.3.1/thumb/v7e-m+fp/hard/crtn.o
                0x0800050c                        . = ALIGN (0x4)
                0x0800050c                        _etext = .

.vfp11_veneer   0x0800050c        0x0
 .vfp11_veneer  0x0800050c        0x0 linker stubs

.v4_bx          0x0800050c        0x0
 .v4_bx         0x0800050c        0x0 linker stubs

.iplt           0x0800050c        0x0
 .iplt          0x0800050c        0x0 E:/STM32CubeIDE_1.15.0/STM32CubeIDE/plugins/com.st.stm32cube.ide.mcu.externaltools.gnu-tools-for-stm32.12.3.rel1.win32_1.0.100.202403111256/tools/bin/../lib/gcc/arm-none-eabi/12.3.1/thumb/v7e-m+fp/hard/crtbegin.o

.rodata         0x0800050c        0x0
                0x0800050c                        . = ALIGN (0x4)
 *(.rodata)
 *(.rodata*)
                0x0800050c                        . = ALIGN (0x4)

.ARM.extab      0x0800050c        0x0
                0x0800050c                        . = ALIGN (0x4)
 *(.ARM.extab* .gnu.linkonce.armextab.*)
                0x0800050c                        . = ALIGN (0x4)

.ARM            0x0800050c        0x0
                0x0800050c                        . = ALIGN (0x4)
                0x0800050c                        __exidx_start = .
 *(.ARM.exidx*)
                0x0800050c                        __exidx_end = .
                0x0800050c                        . = ALIGN (0x4)

.preinit_array  0x0800050c        0x0
                0x0800050c                        . = ALIGN (0x4)
                0x0800050c                        PROVIDE (__preinit_array_start = .)
 *(.preinit_array*)
                0x0800050c                        PROVIDE (__preinit_array_end = .)
                0x0800050c                        . = ALIGN (0x4)

.init_array     0x0800050c        0x4
                0x0800050c                        . = ALIGN (0x4)
                0x0800050c                        PROVIDE (__init_array_start = .)
 *(SORT_BY_NAME(.init_array.*))
 *(.init_array*)
 .init_array    0x0800050c        0x4 E:/STM32CubeIDE_1.15.0/STM32CubeIDE/plugins/com.st.stm32cube.ide.mcu.externaltools.gnu-tools-for-stm32.12.3.rel1.win32_1.0.100.202403111256/tools/bin/../lib/gcc/arm-none-eabi/12.3.1/thumb/v7e-m+fp/hard/crtbegin.o
                0x08000510                        PROVIDE (__init_array_end = .)
                0x08000510                        . = ALIGN (0x4)

.fini_array     0x08000510        0x4
                0x08000510                        . = ALIGN (0x4)
                [!provide]                        PROVIDE (__fini_array_start = .)
 *(SORT_BY_NAME(.fini_array.*))
 *(.fini_array*)
 .fini_array    0x08000510        0x4 E:/STM32CubeIDE_1.15.0/STM32CubeIDE/plugins/com.st.stm32cube.ide.mcu.externaltools.gnu-tools-for-stm32.12.3.rel1.win32_1.0.100.202403111256/tools/bin/../lib/gcc/arm-none-eabi/12.3.1/thumb/v7e-m+fp/hard/crtbegin.o
                [!provide]                        PROVIDE (__fini_array_end = .)
                0x08000514                        . = ALIGN (0x4)
                0x08000514                        _sidata = LOADADDR (.data)

.rel.dyn        0x08000514        0x0
 .rel.iplt      0x08000514        0x0 E:/STM32CubeIDE_1.15.0/STM32CubeIDE/plugins/com.st.stm32cube.ide.mcu.externaltools.gnu-tools-for-stm32.12.3.rel1.win32_1.0.100.202403111256/tools/bin/../lib/gcc/arm-none-eabi/12.3.1/thumb/v7e-m+fp/hard/crtbegin.o

.data           0x20000000        0x0 load address 0x08000514
                0x20000000                        . = ALIGN (0x4)
                0x20000000                        _sdata = .
 *(.data)
 *(.data*)
 *(.RamFunc)
 *(.RamFunc*)
                0x20000000                        . = ALIGN (0x4)
                0x20000000                        _edata = .

.igot.plt       0x20000000        0x0 load address 0x08000514
 .igot.plt      0x20000000        0x0 E:/STM32CubeIDE_1.15.0/STM32CubeIDE/plugins/com.st.stm32cube.ide.mcu.externaltools.gnu-tools-for-stm32.12.3.rel1.win32_1.0.100.202403111256/tools/bin/../lib/gcc/arm-none-eabi/12.3.1/thumb/v7e-m+fp/hard/crtbegin.o
                0x20000000                        . = ALIGN (0x4)

.bss            0x20000000       0x20 load address 0x08000514
                0x20000000                        _sbss = .
                0x20000000                        __bss_start__ = _sbss
 *(.bss)
 .bss           0x20000000       0x1c E:/STM32CubeIDE_1.15.0/STM32CubeIDE/plugins/com.st.stm32cube.ide.mcu.externaltools.gnu-tools-for-stm32.12.3.rel1.win32_1.0.100.202403111256/tools/bin/../lib/gcc/arm-none-eabi/12.3.1/thumb/v7e-m+fp/hard/crtbegin.o
 *(.bss*)
 .bss.val       0x2000001c        0x1 ./Src/main.o
                0x2000001c                val
 *(COMMON)
                0x20000020                        . = ALIGN (0x4)
 *fill*         0x2000001d        0x3 
                0x20000020                        _ebss = .
                0x20000020                        __bss_end__ = _ebss

._user_heap_stack
                0x20000020      0x600 load address 0x08000514
                0x20000020                        . = ALIGN (0x8)
                [!provide]                        PROVIDE (end = .)
                0x20000020                        PROVIDE (_end = .)
                0x20000220                        . = (. + _Min_Heap_Size)
 *fill*         0x20000020      0x200 
                0x20000620                        . = (. + _Min_Stack_Size)
 *fill*         0x20000220      0x400 
                0x20000620                        . = ALIGN (0x8)

/DISCARD/
 libc.a(*)
 libm.a(*)
 libgcc.a(*)

.ARM.attributes
                0x00000000       0x30
 *(.ARM.attributes)
 .ARM.attributes
                0x00000000       0x22 E:/STM32CubeIDE_1.15.0/STM32CubeIDE/plugins/com.st.stm32cube.ide.mcu.externaltools.gnu-tools-for-stm32.12.3.rel1.win32_1.0.100.202403111256/tools/bin/../lib/gcc/arm-none-eabi/12.3.1/thumb/v7e-m+fp/hard/crti.o
 .ARM.attributes
                0x00000022       0x34 E:/STM32CubeIDE_1.15.0/STM32CubeIDE/plugins/com.st.stm32cube.ide.mcu.externaltools.gnu-tools-for-stm32.12.3.rel1.win32_1.0.100.202403111256/tools/bin/../lib/gcc/arm-none-eabi/12.3.1/thumb/v7e-m+fp/hard/crtbegin.o
 .ARM.attributes
                0x00000056       0x34 ./Src/main.o
 .ARM.attributes
                0x0000008a       0x34 ./Src/tim.o
 .ARM.attributes
                0x000000be       0x34 ./Src/uart.o
 .ARM.attributes
                0x000000f2       0x21 ./Startup/startup_stm32f401ccux.o
 .ARM.attributes
                0x00000113       0x34 E:/STM32CubeIDE_1.15.0/STM32CubeIDE/plugins/com.st.stm32cube.ide.mcu.externaltools.gnu-tools-for-stm32.12.3.rel1.win32_1.0.100.202403111256/tools/bin/../lib/gcc/arm-none-eabi/12.3.1/../../../../arm-none-eabi/lib/thumb/v7e-m+fp/hard\libc_nano.a(libc_a-init.o)
 .ARM.attributes
                0x00000147       0x22 E:/STM32CubeIDE_1.15.0/STM32CubeIDE/plugins/com.st.stm32cube.ide.mcu.externaltools.gnu-tools-for-stm32.12.3.rel1.win32_1.0.100.202403111256/tools/bin/../lib/gcc/arm-none-eabi/12.3.1/thumb/v7e-m+fp/hard/crtn.o
OUTPUT(1_stm32f4_uart.elf elf32-littlearm)
LOAD linker stubs
LOAD E:/STM32CubeIDE_1.15.0/STM32CubeIDE/plugins/com.st.stm32cube.ide.mcu.externaltools.gnu-tools-for-stm32.12.3.rel1.win32_1.0.100.202403111256/tools/bin/../lib/gcc/arm-none-eabi/12.3.1/../../../../arm-none-eabi/lib/thumb/v7e-m+fp/hard\libc.a
LOAD E:/STM32CubeIDE_1.15.0/STM32CubeIDE/plugins/com.st.stm32cube.ide.mcu.externaltools.gnu-tools-for-stm32.12.3.rel1.win32_1.0.100.202403111256/tools/bin/../lib/gcc/arm-none-eabi/12.3.1/../../../../arm-none-eabi/lib/thumb/v7e-m+fp/hard\libm.a
LOAD E:/STM32CubeIDE_1.15.0/STM32CubeIDE/plugins/com.st.stm32cube.ide.mcu.externaltools.gnu-tools-for-stm32.12.3.rel1.win32_1.0.100.202403111256/tools/bin/../lib/gcc/arm-none-eabi/12.3.1/thumb/v7e-m+fp/hard\libgcc.a

.debug_info     0x00000000      0xa79
 .debug_info    0x00000000      0x1ee ./Src/main.o
 .debug_info    0x000001ee      0x414 ./Src/tim.o
 .debug_info    0x00000602      0x447 ./Src/uart.o
 .debug_info    0x00000a49       0x30 ./Startup/startup_stm32f401ccux.o

.debug_abbrev   0x00000000      0x321
 .debug_abbrev  0x00000000       0xde ./Src/main.o
 .debug_abbrev  0x000000de       0xb7 ./Src/tim.o
 .debug_abbrev  0x00000195      0x168 ./Src/uart.o
 .debug_abbrev  0x000002fd       0x24 ./Startup/startup_stm32f401ccux.o

.debug_aranges  0x00000000       0xc0
 .debug_aranges
                0x00000000       0x20 ./Src/main.o
 .debug_aranges
                0x00000020       0x30 ./Src/tim.o
 .debug_aranges
                0x00000050       0x48 ./Src/uart.o
 .debug_aranges
                0x00000098       0x28 ./Startup/startup_stm32f401ccux.o

.debug_rnglists
                0x00000000       0x7e
 .debug_rnglists
                0x00000000       0x13 ./Src/main.o
 .debug_rnglists
                0x00000013       0x20 ./Src/tim.o
 .debug_rnglists
                0x00000033       0x32 ./Src/uart.o
 .debug_rnglists
                0x00000065       0x19 ./Startup/startup_stm32f401ccux.o

.debug_macro    0x00000000      0xef3
 .debug_macro   0x00000000      0x1d0 ./Src/main.o
 .debug_macro   0x000001d0       0x61 ./Src/main.o
 .debug_macro   0x00000231       0x2a ./Src/main.o
 .debug_macro   0x0000025b       0x43 ./Src/main.o
 .debug_macro   0x0000029e       0x34 ./Src/main.o
 .debug_macro   0x000002d2       0x16 ./Src/main.o
 .debug_macro   0x000002e8       0x9e ./Src/main.o
 .debug_macro   0x00000386      0x369 ./Src/main.o
 .debug_macro   0x000006ef      0x10b ./Src/main.o
 .debug_macro   0x000007fa       0x10 ./Src/main.o
 .debug_macro   0x0000080a       0x16 ./Src/main.o
 .debug_macro   0x00000820       0x43 ./Src/main.o
 .debug_macro   0x00000863       0x34 ./Src/main.o
 .debug_macro   0x00000897       0x10 ./Src/main.o
 .debug_macro   0x000008a7       0x58 ./Src/main.o
 .debug_macro   0x000008ff       0x8e ./Src/main.o
 .debug_macro   0x0000098d       0x1c ./Src/main.o
 .debug_macro   0x000009a9      0x177 ./Src/main.o
 .debug_macro   0x00000b20       0x16 ./Src/main.o
 .debug_macro   0x00000b36       0x16 ./Src/main.o
 .debug_macro   0x00000b4c      0x146 ./Src/main.o
 .debug_macro   0x00000c92       0x16 ./Src/main.o
 .debug_macro   0x00000ca8      0x137 ./Src/tim.o
 .debug_macro   0x00000ddf      0x114 ./Src/uart.o

.debug_line     0x00000000     0x151e
 .debug_line    0x00000000      0x72b ./Src/main.o
 .debug_line    0x0000072b      0x68e ./Src/tim.o
 .debug_line    0x00000db9      0x6ea ./Src/uart.o
 .debug_line    0x000014a3       0x7b ./Startup/startup_stm32f401ccux.o

.debug_str      0x00000000    0x52d2b
 .debug_str     0x00000000    0x52945 ./Src/main.o
                              0x52b30 (size before relaxing)
 .debug_str     0x00052945      0x292 ./Src/tim.o
                              0x4f2f0 (size before relaxing)
 .debug_str     0x00052bd7      0x115 ./Src/uart.o
                              0x4f271 (size before relaxing)
 .debug_str     0x00052cec       0x3f ./Startup/startup_stm32f401ccux.o
                                 0x57 (size before relaxing)

.comment        0x00000000       0x43
 .comment       0x00000000       0x43 ./Src/main.o
                                 0x44 (size before relaxing)
 .comment       0x00000043       0x44 ./Src/tim.o
 .comment       0x00000043       0x44 ./Src/uart.o

.debug_frame    0x00000000      0x1ac
 .debug_frame   0x00000000       0x2c ./Src/main.o
 .debug_frame   0x0000002c       0x70 ./Src/tim.o
 .debug_frame   0x0000009c       0xe4 ./Src/uart.o
 .debug_frame   0x00000180       0x2c E:/STM32CubeIDE_1.15.0/STM32CubeIDE/plugins/com.st.stm32cube.ide.mcu.externaltools.gnu-tools-for-stm32.12.3.rel1.win32_1.0.100.202403111256/tools/bin/../lib/gcc/arm-none-eabi/12.3.1/../../../../arm-none-eabi/lib/thumb/v7e-m+fp/hard\libc_nano.a(libc_a-init.o)

.debug_line_str
                0x00000000       0x3b
 .debug_line_str
                0x00000000       0x3b ./Startup/startup_stm32f401ccux.o
