C:/Users/pudul/OneDrive/Documents/STM32F4 - bare metal docs/STM32F4-BareMetal_Workspace/F4_chip_headers/CMSIS/Include/core_cm4.h:1688:22:__NVIC_EnableIRQ	16	static
../Src/uart_dma.c:18:13:uart_set_baudrate	24	static
../Src/uart_dma.c:22:17:compute_uart_bd	16	static
../Src/uart_dma.c:26:6:uart2_tx_init	8	static
../Src/uart_dma.c:51:6:uart2_txrx_init	8	static
../Src/uart_dma.c:76:6:dma1_stream5_init	4	static
../Src/uart_dma.c:112:7:dma1_stream6_init	4	static
../Src/uart_dma.c:148:7:dma1_start_stream5	24	static
../Src/uart_dma.c:168:6:dma1_start_stream6	24	static
../Src/uart_dma.c:187:6:DMA1_Stream5_IRQHandler	24	static
../Src/uart_dma.c:247:6:DMA1_Stream6_IRQHandler	4	static
../Src/uart_dma.c:277:6:copyBuffer	24	static
../Src/uart_dma.c:295:6:update_crc_buffer_pointer	24	static
